So I was fixin' to ask him, "Do y'all want to go fishin'?" I was dyin'
to go for a swing and maybe do some swimmin', too.
